
####################
# Completion Wrappers
complete_test_alpha1 arg1 
complete_test_alpha1 extra1 arg2 
complete_test_alpha1 extra1 extra2 arg3 
