
####################
# Testing `0` after empty functions and blocks
0
0
1
0
