1
Command
sleep
sleep
0
Command
sleep
sleep
Command
sleep
sleep is done
