
####################
# Validate basic expressions
1
1
1
1.667
4
4
2
0.500000
49
0
4
-10
-2
-8

####################
# Validate how bare variables in an epxression are handled
1
2
-4
-4.5
