ALRM received
PROCESS_EXIT 1
JOB_EXIT 0
PROCESS_EXIT 0
JOB_EXIT 0
PROCESS_EXIT 1
PROCESS_EXIT 0
JOB_EXIT 0
PROCESS_EXIT 0
